src/contexts/SessionContext.tsx(68,50): error TS2345: Argument of type 'string' is not assignable to parameter of type 'User'.
